app/prakiraan-cuaca/page.tsx(414,9): error TS2304: Cannot find name 'setLoadingWeather'.
app/prakiraan-cuaca/page.tsx(415,9): error TS2304: Cannot find name 'setWeatherError'.
app/prakiraan-cuaca/page.tsx(416,9): error TS2304: Cannot find name 'setCurrentWeatherData'.
app/prakiraan-cuaca/page.tsx(425,11): error TS2304: Cannot find name 'setCurrentWeatherData'.
app/prakiraan-cuaca/page.tsx(433,11): error TS2304: Cannot find name 'setWeatherError'.
app/prakiraan-cuaca/page.tsx(435,11): error TS2304: Cannot find name 'setLoadingWeather'.
app/prakiraan-cuaca/page.tsx(574,5): error TS2304: Cannot find name 'setWeatherLayers'.
app/prakiraan-cuaca/page.tsx(576,45): error TS2304: Cannot find name 'WeatherLayers'.
app/prakiraan-cuaca/page.tsx(661,41): error TS2304: Cannot find name 'loadingWeather'.
app/prakiraan-cuaca/page.tsx(756,36): error TS2304: Cannot find name 'setShowFilters'.
app/prakiraan-cuaca/page.tsx(756,52): error TS2304: Cannot find name 'showFilters'.
app/prakiraan-cuaca/page.tsx(764,18): error TS2304: Cannot find name 'showFilters'.
app/prakiraan-cuaca/page.tsx(789,31): error TS2304: Cannot find name 'weatherLayers'.
app/prakiraan-cuaca/page.tsx(789,64): error TS2304: Cannot find name 'WeatherLayers'.
app/prakiraan-cuaca/page.tsx(810,15): error TS2304: Cannot find name 'isMapFullscreen'.
app/prakiraan-cuaca/page.tsx(816,149): error TS2304: Cannot find name 'isMapFullscreen'.
app/prakiraan-cuaca/page.tsx(830,34): error TS2304: Cannot find name 'setIsMapFullscreen'.
app/prakiraan-cuaca/page.tsx(830,54): error TS2304: Cannot find name 'isMapFullscreen'.
app/prakiraan-cuaca/page.tsx(835,21): error TS2304: Cannot find name 'isMapFullscreen'.
app/prakiraan-cuaca/page.tsx(840,20): error TS2304: Cannot find name 'isMapFullscreen'.
app/prakiraan-cuaca/page.tsx(847,33): error TS2304: Cannot find name 'isMapFullscreen'.
app/prakiraan-cuaca/page.tsx(852,30): error TS2304: Cannot find name 'isMapFullscreen'.
app/prakiraan-cuaca/page.tsx(855,40): error TS2304: Cannot find name 'weatherLayers'.
app/prakiraan-cuaca/page.tsx(856,25): error TS2739: Type 'SelectedLocation' is missing the following properties from type 'SelectedLocationDetails': lat, lon
app/prakiraan-cuaca/page.tsx(859,45): error TS2304: Cannot find name 'currentWeatherData'.
app/prakiraan-cuaca/page.tsx(888,21): error TS2304: Cannot find name 'currentWeatherData'.
app/prakiraan-cuaca/page.tsx(889,24): error TS2304: Cannot find name 'loadingWeather'.
app/prakiraan-cuaca/page.tsx(890,22): error TS2304: Cannot find name 'weatherError'.
app/prakiraan-cuaca/page.tsx(893,21): error TS2304: Cannot find name 'currentWeatherData'.
app/prakiraan-cuaca/page.tsx(894,24): error TS2304: Cannot find name 'loadingWeather'.
app/prakiraan-cuaca/page.tsx(895,22): error TS2304: Cannot find name 'weatherError'.
app/prakiraan-cuaca/page.tsx(898,14): error TS2304: Cannot find name 'currentWeatherData'.
app/prakiraan-cuaca/page.tsx(912,33): error TS2304: Cannot find name 'currentWeatherData'.
app/prakiraan-cuaca/page.tsx(915,35): error TS2304: Cannot find name 'currentWeatherData'.
app/prakiraan-cuaca/page.tsx(920,39): error TS2304: Cannot find name 'currentWeatherData'.
app/prakiraan-cuaca/page.tsx(924,35): error TS2304: Cannot find name 'currentWeatherData'.
app/prakiraan-cuaca/page.tsx(941,41): error TS2339: Property 'lat' does not exist on type 'SelectedLocation'.
app/prakiraan-cuaca/page.tsx(947,41): error TS2339: Property 'lon' does not exist on type 'SelectedLocation'.
